// Jest Snapshot v1, https://goo.gl/fbAQLP

exports[`home page home page renders a search box 1`] = `ReactWrapper {}`;
